Component: ARM Compiler 5.06 update 4 (build 422) Tool: armlink [4d35d2]

==============================================================================

Section Cross References

    startup.o(STACK) refers (Special) to heapauxi.o(.text) for __use_two_region_memory
    startup.o(HEAP) refers (Special) to heapauxi.o(.text) for __use_two_region_memory
    startup.o(RESET) refers (Special) to heapauxi.o(.text) for __use_two_region_memory
    startup.o(RESET) refers to startup.o(STACK) for Stack_Top
    startup.o(RESET) refers to __main.o(!!!main) for __main
    startup.o(.text) refers (Special) to heapauxi.o(.text) for __use_two_region_memory
    startup.o(.text) refers to startup.o(HEAP) for Heap_Mem
    startup.o(.text) refers to startup.o(STACK) for Stack_Mem
    lcd display.o(i.cmd) refers to lcd display.o(i.lcd_delay) for lcd_delay
    lcd display.o(i.dat) refers to lcd display.o(i.lcd_delay) for lcd_delay
    lcd display.o(i.lcd_init) refers to lcd display.o(i.cmd) for cmd
    lcd display.o(i.main) refers to lcd display.o(i.lcd_init) for lcd_init
    lcd display.o(i.main) refers to lcd display.o(i.cmd) for cmd
    lcd display.o(i.main) refers to lcd display.o(i.show) for show
    lcd display.o(i.main) refers to lcd display.o(.data) for i
    lcd display.o(i.show) refers to lcd display.o(i.dat) for dat
    __main.o(!!!main) refers to __rtentry.o(.ARM.Collect$$rtentry$$00000000) for __rt_entry
    __rtentry.o(.ARM.Collect$$rtentry$$00000000) refers (Special) to __rtentry2.o(.ARM.Collect$$rtentry$$0000000A) for __rt_entry_li
    __rtentry.o(.ARM.Collect$$rtentry$$00000000) refers (Special) to __rtentry2.o(.ARM.Collect$$rtentry$$0000000D) for __rt_entry_main
    __rtentry.o(.ARM.Collect$$rtentry$$00000000) refers (Special) to __rtentry2.o(.ARM.Collect$$rtentry$$0000000C) for __rt_entry_postli_1
    __rtentry.o(.ARM.Collect$$rtentry$$00000000) refers (Special) to __rtentry2.o(.ARM.Collect$$rtentry$$00000009) for __rt_entry_postsh_1
    __rtentry.o(.ARM.Collect$$rtentry$$00000000) refers (Special) to __rtentry2.o(.ARM.Collect$$rtentry$$00000002) for __rt_entry_presh_1
    __rtentry.o(.ARM.Collect$$rtentry$$00000000) refers (Special) to __rtentry4.o(.ARM.Collect$$rtentry$$00000004) for __rt_entry_sh
    __rtentry2.o(.ARM.Collect$$rtentry$$00000008) refers to boardinit2.o(.text) for _platform_post_stackheap_init
    __rtentry2.o(.ARM.Collect$$rtentry$$0000000A) refers to libinit.o(.ARM.Collect$$libinit$$00000000) for __rt_lib_init
    __rtentry2.o(.ARM.Collect$$rtentry$$0000000B) refers to boardinit3.o(.text) for _platform_post_lib_init
    __rtentry2.o(.ARM.Collect$$rtentry$$0000000D) refers to exit.o(.text) for exit
    __rtentry2.o(.ARM.Collect$$rtentry$$0000000D) refers to lcd display.o(i.main) for main
    __rtentry2.o(.ARM.exidx) refers to __rtentry2.o(.ARM.Collect$$rtentry$$00000001) for .ARM.Collect$$rtentry$$00000001
    __rtentry2.o(.ARM.exidx) refers to __rtentry2.o(.ARM.Collect$$rtentry$$00000008) for .ARM.Collect$$rtentry$$00000008
    __rtentry2.o(.ARM.exidx) refers to __rtentry2.o(.ARM.Collect$$rtentry$$0000000A) for .ARM.Collect$$rtentry$$0000000A
    __rtentry2.o(.ARM.exidx) refers to __rtentry2.o(.ARM.Collect$$rtentry$$0000000B) for .ARM.Collect$$rtentry$$0000000B
    __rtentry2.o(.ARM.exidx) refers to __rtentry2.o(.ARM.Collect$$rtentry$$0000000D) for .ARM.Collect$$rtentry$$0000000D
    __rtentry4.o(.ARM.Collect$$rtentry$$00000004) refers to sys_stackheap_outer.o(.text) for __user_setup_stackheap
    __rtentry4.o(.ARM.exidx) refers to __rtentry4.o(.ARM.Collect$$rtentry$$00000004) for .ARM.Collect$$rtentry$$00000004
    sys_stackheap_outer.o(.text) refers to libspace.o(.text) for __user_perproc_libspace
    sys_stackheap_outer.o(.text) refers to startup.o(.text) for __user_initial_stackheap
    exit.o(.text) refers to rtexit.o(.ARM.Collect$$rtexit$$00000000) for __rt_exit
    libinit.o(.ARM.Collect$$libinit$$00000000) refers (Special) to libinit2.o(.ARM.Collect$$libinit$$0000002E) for __rt_lib_init_alloca_1
    libinit.o(.ARM.Collect$$libinit$$00000000) refers (Special) to libinit2.o(.ARM.Collect$$libinit$$0000002C) for __rt_lib_init_argv_1
    libinit.o(.ARM.Collect$$libinit$$00000000) refers (Special) to libinit2.o(.ARM.Collect$$libinit$$0000001B) for __rt_lib_init_atexit_1
    libinit.o(.ARM.Collect$$libinit$$00000000) refers (Special) to libinit2.o(.ARM.Collect$$libinit$$00000021) for __rt_lib_init_clock_1
    libinit.o(.ARM.Collect$$libinit$$00000000) refers (Special) to libinit2.o(.ARM.Collect$$libinit$$00000032) for __rt_lib_init_cpp_1
    libinit.o(.ARM.Collect$$libinit$$00000000) refers (Special) to libinit2.o(.ARM.Collect$$libinit$$00000030) for __rt_lib_init_exceptions_1
    libinit.o(.ARM.Collect$$libinit$$00000000) refers (Special) to libinit2.o(.ARM.Collect$$libinit$$00000002) for __rt_lib_init_fp_1
    libinit.o(.ARM.Collect$$libinit$$00000000) refers (Special) to libinit2.o(.ARM.Collect$$libinit$$0000001F) for __rt_lib_init_fp_trap_1
    libinit.o(.ARM.Collect$$libinit$$00000000) refers (Special) to libinit2.o(.ARM.Collect$$libinit$$00000023) for __rt_lib_init_getenv_1
    libinit.o(.ARM.Collect$$libinit$$00000000) refers (Special) to libinit2.o(.ARM.Collect$$libinit$$0000000A) for __rt_lib_init_heap_1
    libinit.o(.ARM.Collect$$libinit$$00000000) refers (Special) to libinit2.o(.ARM.Collect$$libinit$$00000011) for __rt_lib_init_lc_collate_1
    libinit.o(.ARM.Collect$$libinit$$00000000) refers (Special) to libinit2.o(.ARM.Collect$$libinit$$00000013) for __rt_lib_init_lc_ctype_1
    libinit.o(.ARM.Collect$$libinit$$00000000) refers (Special) to libinit2.o(.ARM.Collect$$libinit$$00000015) for __rt_lib_init_lc_monetary_1
    libinit.o(.ARM.Collect$$libinit$$00000000) refers (Special) to libinit2.o(.ARM.Collect$$libinit$$00000017) for __rt_lib_init_lc_numeric_1
    libinit.o(.ARM.Collect$$libinit$$00000000) refers (Special) to libinit2.o(.ARM.Collect$$libinit$$00000019) for __rt_lib_init_lc_time_1
    libinit.o(.ARM.Collect$$libinit$$00000000) refers (Special) to libinit2.o(.ARM.Collect$$libinit$$00000004) for __rt_lib_init_preinit_1
    libinit.o(.ARM.Collect$$libinit$$00000000) refers (Special) to libinit2.o(.ARM.Collect$$libinit$$0000000E) for __rt_lib_init_rand_1
    libinit.o(.ARM.Collect$$libinit$$00000000) refers (Special) to libinit2.o(.ARM.Collect$$libinit$$00000033) for __rt_lib_init_return
    libinit.o(.ARM.Collect$$libinit$$00000000) refers (Special) to libinit2.o(.ARM.Collect$$libinit$$0000001D) for __rt_lib_init_signal_1
    libinit.o(.ARM.Collect$$libinit$$00000000) refers (Special) to libinit2.o(.ARM.Collect$$libinit$$00000025) for __rt_lib_init_stdio_1
    libinit.o(.ARM.Collect$$libinit$$00000000) refers (Special) to libinit2.o(.ARM.Collect$$libinit$$0000000C) for __rt_lib_init_user_alloc_1
    libspace.o(.text) refers to libspace.o(.bss) for __libspace_start
    rtexit.o(.ARM.Collect$$rtexit$$00000000) refers (Special) to rtexit2.o(.ARM.Collect$$rtexit$$00000004) for __rt_exit_exit
    rtexit.o(.ARM.Collect$$rtexit$$00000000) refers (Special) to rtexit2.o(.ARM.Collect$$rtexit$$00000003) for __rt_exit_ls
    rtexit.o(.ARM.Collect$$rtexit$$00000000) refers (Special) to rtexit2.o(.ARM.Collect$$rtexit$$00000002) for __rt_exit_prels_1
    rtexit.o(.ARM.exidx) refers (Special) to rtexit2.o(.ARM.Collect$$rtexit$$00000004) for __rt_exit_exit
    rtexit.o(.ARM.exidx) refers (Special) to rtexit2.o(.ARM.Collect$$rtexit$$00000003) for __rt_exit_ls
    rtexit.o(.ARM.exidx) refers (Special) to rtexit2.o(.ARM.Collect$$rtexit$$00000002) for __rt_exit_prels_1
    rtexit.o(.ARM.exidx) refers to rtexit.o(.ARM.Collect$$rtexit$$00000000) for .ARM.Collect$$rtexit$$00000000
    libinit2.o(.ARM.Collect$$libinit$$00000001) refers to fpinit.o(x$fpl$fpinit) for _fp_init
    libinit2.o(.ARM.Collect$$libinit$$00000010) refers to libinit2.o(.ARM.Collect$$libinit$$0000000F) for .ARM.Collect$$libinit$$0000000F
    libinit2.o(.ARM.Collect$$libinit$$00000012) refers to libinit2.o(.ARM.Collect$$libinit$$0000000F) for .ARM.Collect$$libinit$$0000000F
    libinit2.o(.ARM.Collect$$libinit$$00000014) refers to libinit2.o(.ARM.Collect$$libinit$$0000000F) for .ARM.Collect$$libinit$$0000000F
    libinit2.o(.ARM.Collect$$libinit$$00000016) refers to libinit2.o(.ARM.Collect$$libinit$$0000000F) for .ARM.Collect$$libinit$$0000000F
    libinit2.o(.ARM.Collect$$libinit$$00000018) refers to libinit2.o(.ARM.Collect$$libinit$$0000000F) for .ARM.Collect$$libinit$$0000000F
    libinit2.o(.ARM.Collect$$libinit$$00000026) refers to argv_veneer.o(.emb_text) for __ARM_argv_veneer
    libinit2.o(.ARM.Collect$$libinit$$00000027) refers to argv_veneer.o(.emb_text) for __ARM_argv_veneer
    rtexit2.o(.ARM.Collect$$rtexit$$00000003) refers to libshutdown.o(.ARM.Collect$$libshutdown$$00000000) for __rt_lib_shutdown
    rtexit2.o(.ARM.Collect$$rtexit$$00000004) refers to sys_exit.o(.text) for _sys_exit
    rtexit2.o(.ARM.exidx) refers to rtexit2.o(.ARM.Collect$$rtexit$$00000001) for .ARM.Collect$$rtexit$$00000001
    rtexit2.o(.ARM.exidx) refers to rtexit2.o(.ARM.Collect$$rtexit$$00000003) for .ARM.Collect$$rtexit$$00000003
    rtexit2.o(.ARM.exidx) refers to rtexit2.o(.ARM.Collect$$rtexit$$00000004) for .ARM.Collect$$rtexit$$00000004
    argv_veneer.o(.emb_text) refers to no_argv.o(.text) for __ARM_get_argv
    sys_exit.o(.text) refers (Special) to use_no_semi.o(.text) for __I$use$semihosting
    sys_exit.o(.text) refers (Special) to indicate_semi.o(.text) for __semihosting_library_function
    _get_argv_nomalloc.o(.text) refers (Special) to hrguard.o(.text) for __heap_region$guard
    _get_argv_nomalloc.o(.text) refers to defsig_rtmem_outer.o(.text) for __rt_SIGRTMEM
    _get_argv_nomalloc.o(.text) refers to sys_command.o(.text) for _sys_command_string
    libshutdown.o(.ARM.Collect$$libshutdown$$00000000) refers (Special) to libshutdown2.o(.ARM.Collect$$libshutdown$$00000002) for __rt_lib_shutdown_cpp_1
    libshutdown.o(.ARM.Collect$$libshutdown$$00000000) refers (Special) to libshutdown2.o(.ARM.Collect$$libshutdown$$00000007) for __rt_lib_shutdown_fp_trap_1
    libshutdown.o(.ARM.Collect$$libshutdown$$00000000) refers (Special) to libshutdown2.o(.ARM.Collect$$libshutdown$$0000000F) for __rt_lib_shutdown_heap_1
    libshutdown.o(.ARM.Collect$$libshutdown$$00000000) refers (Special) to libshutdown2.o(.ARM.Collect$$libshutdown$$00000010) for __rt_lib_shutdown_return
    libshutdown.o(.ARM.Collect$$libshutdown$$00000000) refers (Special) to libshutdown2.o(.ARM.Collect$$libshutdown$$0000000A) for __rt_lib_shutdown_signal_1
    libshutdown.o(.ARM.Collect$$libshutdown$$00000000) refers (Special) to libshutdown2.o(.ARM.Collect$$libshutdown$$00000004) for __rt_lib_shutdown_stdio_1
    libshutdown.o(.ARM.Collect$$libshutdown$$00000000) refers (Special) to libshutdown2.o(.ARM.Collect$$libshutdown$$0000000C) for __rt_lib_shutdown_user_alloc_1
    sys_command.o(.text) refers (Special) to use_no_semi.o(.text) for __I$use$semihosting
    sys_command.o(.text) refers (Special) to indicate_semi.o(.text) for __semihosting_library_function
    defsig_rtmem_outer.o(.text) refers to defsig_rtmem_inner.o(.text) for __rt_SIGRTMEM_inner
    defsig_rtmem_outer.o(.text) refers to defsig_exit.o(.text) for __sig_exit
    defsig_rtmem_formal.o(.text) refers to rt_raise.o(.text) for __rt_raise
    rt_raise.o(.text) refers to __raise.o(.text) for __raise
    rt_raise.o(.text) refers to sys_exit.o(.text) for _sys_exit
    defsig_exit.o(.text) refers to sys_exit.o(.text) for _sys_exit
    defsig_rtmem_inner.o(.text) refers to defsig_general.o(.text) for __default_signal_display
    __raise.o(.text) refers to __raise.o(i.__ARM_common_call_via_r2) for __ARM_common_call_via_r2
    __raise.o(.text) refers to defsig.o(CL$$defsig) for __default_signal_handler
    defsig_general.o(.text) refers to sys_wrch.o(.text) for _ttywrch
    sys_wrch.o(.text) refers (Special) to use_no_semi.o(.text) for __I$use$semihosting
    sys_wrch.o(.text) refers (Special) to indicate_semi.o(.text) for __semihosting_library_function
    defsig.o(CL$$defsig) refers to defsig_rtmem_inner.o(.text) for __rt_SIGRTMEM_inner
    defsig_abrt_inner.o(.text) refers to defsig_general.o(.text) for __default_signal_display
    defsig_fpe_inner.o(.text) refers to defsig_general.o(.text) for __default_signal_display
    defsig_rtred_inner.o(.text) refers to defsig_general.o(.text) for __default_signal_display
    defsig_stak_inner.o(.text) refers to defsig_general.o(.text) for __default_signal_display
    defsig_pvfn_inner.o(.text) refers to defsig_general.o(.text) for __default_signal_display
    defsig_cppl_inner.o(.text) refers to defsig_general.o(.text) for __default_signal_display
    defsig_segv_inner.o(.text) refers to defsig_general.o(.text) for __default_signal_display
    defsig_other.o(.text) refers to defsig_general.o(.text) for __default_signal_display


==============================================================================

Removing Unused input sections from the image.

    Removing startup.o(RESET), (272 bytes).

1 unused section(s) (total 272 bytes) removed from the image.

==============================================================================

Memory Map of the image

  Image Entry point : 0x00000000

  Load Region LR_1 (Base: 0x00000000, Size: 0x000004d4, Max: 0xffffffff, ABSOLUTE)

    Execution Region ER_RO (Base: 0x00000000, Size: 0x000004cc, Max: 0xffffffff, ABSOLUTE)

    Base Addr    Size         Type   Attr      Idx    E Section Name        Object

    0x00000000   0x00000008   Code   RO           64  * !!!main             c_t.l(__main.o)
    0x00000008   0x00000002   Code   RO           91    .ARM.Collect$$libinit$$00000000  c_t.l(libinit.o)
    0x0000000a   0x00000000   Code   RO           98    .ARM.Collect$$libinit$$00000002  c_t.l(libinit2.o)
    0x0000000a   0x00000000   Code   RO          100    .ARM.Collect$$libinit$$00000004  c_t.l(libinit2.o)
    0x0000000a   0x00000000   Code   RO          103    .ARM.Collect$$libinit$$0000000A  c_t.l(libinit2.o)
    0x0000000a   0x00000000   Code   RO          105    .ARM.Collect$$libinit$$0000000C  c_t.l(libinit2.o)
    0x0000000a   0x00000000   Code   RO          107    .ARM.Collect$$libinit$$0000000E  c_t.l(libinit2.o)
    0x0000000a   0x00000000   Code   RO          110    .ARM.Collect$$libinit$$00000011  c_t.l(libinit2.o)
    0x0000000a   0x00000000   Code   RO          112    .ARM.Collect$$libinit$$00000013  c_t.l(libinit2.o)
    0x0000000a   0x00000000   Code   RO          114    .ARM.Collect$$libinit$$00000015  c_t.l(libinit2.o)
    0x0000000a   0x00000000   Code   RO          116    .ARM.Collect$$libinit$$00000017  c_t.l(libinit2.o)
    0x0000000a   0x00000000   Code   RO          118    .ARM.Collect$$libinit$$00000019  c_t.l(libinit2.o)
    0x0000000a   0x00000000   Code   RO          120    .ARM.Collect$$libinit$$0000001B  c_t.l(libinit2.o)
    0x0000000a   0x00000000   Code   RO          122    .ARM.Collect$$libinit$$0000001D  c_t.l(libinit2.o)
    0x0000000a   0x00000000   Code   RO          124    .ARM.Collect$$libinit$$0000001F  c_t.l(libinit2.o)
    0x0000000a   0x00000000   Code   RO          126    .ARM.Collect$$libinit$$00000021  c_t.l(libinit2.o)
    0x0000000a   0x00000000   Code   RO          128    .ARM.Collect$$libinit$$00000023  c_t.l(libinit2.o)
    0x0000000a   0x00000000   Code   RO          130    .ARM.Collect$$libinit$$00000025  c_t.l(libinit2.o)
    0x0000000a   0x00000000   Code   RO          134    .ARM.Collect$$libinit$$0000002C  c_t.l(libinit2.o)
    0x0000000a   0x00000000   Code   RO          136    .ARM.Collect$$libinit$$0000002E  c_t.l(libinit2.o)
    0x0000000a   0x00000000   Code   RO          138    .ARM.Collect$$libinit$$00000030  c_t.l(libinit2.o)
    0x0000000a   0x00000000   Code   RO          140    .ARM.Collect$$libinit$$00000032  c_t.l(libinit2.o)
    0x0000000a   0x0000000c   Code   RO          141    .ARM.Collect$$libinit$$00000033  c_t.l(libinit2.o)
    0x00000016   0x00000004   Code   RO          161    .ARM.Collect$$libshutdown$$00000000  c_t.l(libshutdown.o)
    0x0000001a   0x00000000   Code   RO          174    .ARM.Collect$$libshutdown$$00000002  c_t.l(libshutdown2.o)
    0x0000001a   0x00000000   Code   RO          176    .ARM.Collect$$libshutdown$$00000004  c_t.l(libshutdown2.o)
    0x0000001a   0x00000000   Code   RO          179    .ARM.Collect$$libshutdown$$00000007  c_t.l(libshutdown2.o)
    0x0000001a   0x00000000   Code   RO          182    .ARM.Collect$$libshutdown$$0000000A  c_t.l(libshutdown2.o)
    0x0000001a   0x00000000   Code   RO          184    .ARM.Collect$$libshutdown$$0000000C  c_t.l(libshutdown2.o)
    0x0000001a   0x00000000   Code   RO          187    .ARM.Collect$$libshutdown$$0000000F  c_t.l(libshutdown2.o)
    0x0000001a   0x00000006   Code   RO          188    .ARM.Collect$$libshutdown$$00000010  c_t.l(libshutdown2.o)
    0x00000020   0x00000000   Code   RO           66    .ARM.Collect$$rtentry$$00000000  c_t.l(__rtentry.o)
    0x00000020   0x00000000   Code   RO           68    .ARM.Collect$$rtentry$$00000002  c_t.l(__rtentry2.o)
    0x00000020   0x00000008   Code   RO           80    .ARM.Collect$$rtentry$$00000004  c_t.l(__rtentry4.o)
    0x00000028   0x00000000   Code   RO           70    .ARM.Collect$$rtentry$$00000009  c_t.l(__rtentry2.o)
    0x00000028   0x00000004   Code   RO           71    .ARM.Collect$$rtentry$$0000000A  c_t.l(__rtentry2.o)
    0x0000002c   0x00000000   Code   RO           73    .ARM.Collect$$rtentry$$0000000C  c_t.l(__rtentry2.o)
    0x0000002c   0x00000028   Code   RO           74    .ARM.Collect$$rtentry$$0000000D  c_t.l(__rtentry2.o)
    0x00000054   0x00000004   Code   RO           95    .ARM.Collect$$rtexit$$00000000  c_t.l(rtexit.o)
    0x00000058   0x00000000   Code   RO          143    .ARM.Collect$$rtexit$$00000002  c_t.l(rtexit2.o)
    0x00000058   0x00000004   Code   RO          144    .ARM.Collect$$rtexit$$00000003  c_t.l(rtexit2.o)
    0x0000005c   0x00000008   Code   RO          145    .ARM.Collect$$rtexit$$00000004  c_t.l(rtexit2.o)
    0x00000064   0x00000020   Code   RO            4    .text               startup.o
    0x00000084   0x00000006   Code   RO           62    .text               c_t.l(heapauxi.o)
    0x0000008a   0x00000002   PAD
    0x0000008c   0x00000060   Code   RO           82    .text               c_t.l(sys_stackheap_outer.o)
    0x000000ec   0x00000014   Code   RO           84    .text               c_t.l(exit.o)
    0x00000100   0x0000000c   Code   RO           92    .text               c_t.l(libspace.o)
    0x0000010c   0x0000000c   Code   RO          153    .text               c_t.l(sys_exit.o)
    0x00000118   0x00000004   Code   RO          164    .text               c_t.l(use_no_semi.o)
    0x0000011c   0x00000000   Code   RO          166    .text               c_t.l(indicate_semi.o)
    0x0000011c   0x00000154   Code   RO           11    i.cmd               lcd display.o
    0x00000270   0x00000154   Code   RO           12    i.dat               lcd display.o
    0x000003c4   0x00000018   Code   RO           13    i.lcd_delay         lcd display.o
    0x000003dc   0x00000034   Code   RO           14    i.lcd_init          lcd display.o
    0x00000410   0x00000094   Code   RO           15    i.main              lcd display.o
    0x000004a4   0x00000028   Code   RO           16    i.show              lcd display.o
    0x000004cc   0x00000000   Data   RO          221    Region$$Table       anon$$obj.o


    Execution Region ER_RW (Base: 0x40000000, Size: 0x00000008, Max: 0xffffffff, ABSOLUTE)

    Base Addr    Size         Type   Attr      Idx    E Section Name        Object

    0x40000000   0x00000008   Data   RW           17    .data               lcd display.o


    Execution Region ER_ZI (Base: 0x40000008, Size: 0x000004e8, Max: 0xffffffff, ABSOLUTE)

    Base Addr    Size         Type   Attr      Idx    E Section Name        Object

    0x40000008   0x00000060   Zero   RW           93    .bss                c_t.l(libspace.o)
    0x40000068   0x00000000   Zero   RW            2    HEAP                startup.o
    0x40000068   0x00000488   Zero   RW            1    STACK               startup.o

